// Jest Snapshot v1, https://goo.gl/fbAQLP

exports[`Entry Component Debe de hacer match con el snapshot 1`] = `
<div class="entry-container mb-3 pointer p-2">
  <div class="entry-title d-flex"><span class="text-success fs-5 fw-bold">4</span><span class="mx-1 fs-5">Abril</span><span class="mx-2 fw-light">2023, Martes</span></div>
  <div class="entry-description">idk22</div>
</div>
`;
